
  .   ____          _            __ _ _
 /\\ / ___'_ __ _ _(_)_ __  __ _ \ \ \ \
( ( )\___ | '_ | '_| | '_ \/ _` | \ \ \ \
 \\/  ___)| |_)| | | | | || (_| |  ) ) ) )
  '  |____| .__|_| |_|_| |_\__, | / / / /
 =========|_|==============|___/=/_/_/_/

 :: Spring Boot ::                (v3.4.0)

2026-09-15T19:32:14.148-03:00  INFO 26972 --- [EducacaoContinuadaGamificada] [           main] .EducacaoContinuadaGamificadaApplication : Starting EducacaoContinuadaGamificadaApplication using Java 21.0.12.1 with PID 26972 (C:\Users\Luis\Downloads\devops\backend\target\classes started by Luis in C:\Users\Luis\Downloads\devops\backend)
2026-09-15T19:32:14.150-03:00  INFO 26972 --- [EducacaoContinuadaGamificada] [           main] .EducacaoContinuadaGamificadaApplication : The following 1 profile is active: "h2"
2026-09-15T19:32:15.401-03:00  INFO 26972 --- [EducacaoContinuadaGamificada] [           main] .s.d.r.c.RepositoryConfigurationDelegate : Bootstrapping Spring Data JPA repositories in DEFAULT mode.
2026-09-15T19:32:15.482-03:00  INFO 26972 --- [EducacaoContinuadaGamificada] [           main] .s.d.r.c.RepositoryConfigurationDelegate : Finished Spring Data repository scanning in 70 ms. Found 4 JPA repository interfaces.
2026-09-15T19:32:16.419-03:00  INFO 26972 --- [EducacaoContinuadaGamificada] [           main] o.s.b.w.embedded.tomcat.TomcatWebServer  : Tomcat initialized with port 8080 (http)
2026-09-15T19:32:16.439-03:00  INFO 26972 --- [EducacaoContinuadaGamificada] [           main] o.apache.catalina.core.StandardService   : Starting service [Tomcat]
2026-09-15T19:32:16.440-03:00  INFO 26972 --- [EducacaoContinuadaGamificada] [           main] o.apache.catalina.core.StandardEngine    : Starting Servlet engine: [Apache Tomcat/10.1.33]
2026-09-15T19:32:16.545-03:00  INFO 26972 --- [EducacaoContinuadaGamificada] [           main] o.a.c.c.C.[Tomcat].[localhost].[/]       : Initializing Spring embedded WebApplicationContext
2026-09-15T19:32:16.547-03:00  INFO 26972 --- [EducacaoContinuadaGamificada] [           main] w.s.c.ServletWebServerApplicationContext : Root WebApplicationContext: initialization completed in 2335 ms
2026-09-15T19:32:16.688-03:00  INFO 26972 --- [EducacaoContinuadaGamificada] [           main] com.zaxxer.hikari.HikariDataSource       : HikariPool-1 - Starting...
2026-09-15T19:32:17.048-03:00  INFO 26972 --- [EducacaoContinuadaGamificada] [           main] com.zaxxer.hikari.pool.HikariPool        : HikariPool-1 - Added connection conn0: url=jdbc:h2:mem:gamificacao user=SA
2026-09-15T19:32:17.051-03:00  INFO 26972 --- [EducacaoContinuadaGamificada] [           main] com.zaxxer.hikari.HikariDataSource       : HikariPool-1 - Start completed.
2026-09-15T19:32:17.065-03:00  INFO 26972 --- [EducacaoContinuadaGamificada] [           main] o.s.b.a.h2.H2ConsoleAutoConfiguration    : H2 console available at '/h2-console'. Database available at 'jdbc:h2:mem:gamificacao'
2026-09-15T19:32:17.362-03:00  INFO 26972 --- [EducacaoContinuadaGamificada] [           main] o.hibernate.jpa.internal.util.LogHelper  : HHH000204: Processing PersistenceUnitInfo [name: default]
2026-09-15T19:32:17.448-03:00  INFO 26972 --- [EducacaoContinuadaGamificada] [           main] org.hibernate.Version                    : HHH000412: Hibernate ORM core version 6.6.2.Final
2026-09-15T19:32:17.494-03:00  INFO 26972 --- [EducacaoContinuadaGamificada] [           main] o.h.c.internal.RegionFactoryInitiator    : HHH000026: Second-level cache disabled
2026-09-15T19:32:17.867-03:00  INFO 26972 --- [EducacaoContinuadaGamificada] [           main] o.s.o.j.p.SpringPersistenceUnitInfo      : No LoadTimeWeaver setup: ignoring JPA class transformer
2026-09-15T19:32:17.938-03:00  WARN 26972 --- [EducacaoContinuadaGamificada] [           main] org.hibernate.orm.deprecation            : HHH90000025: H2Dialect does not need to be specified explicitly using 'hibernate.dialect' (remove the property setting and it will be selected by default)
2026-09-15T19:32:17.962-03:00  INFO 26972 --- [EducacaoContinuadaGamificada] [           main] org.hibernate.orm.connections.pooling    : HHH10001005: Database info:
	Database JDBC URL [Connecting through datasource 'HikariDataSource (HikariPool-1)']
	Database driver: undefined/unknown
	Database version: 2.3.232
	Autocommit mode: undefined/unknown
	Isolation level: undefined/unknown
	Minimum pool size: undefined/unknown
	Maximum pool size: undefined/unknown
2026-09-15T19:32:19.171-03:00  INFO 26972 --- [EducacaoContinuadaGamificada] [           main] o.h.e.t.j.p.i.JtaPlatformInitiator       : HHH000489: No JTA platform available (set 'hibernate.transaction.jta.platform' to enable JTA platform integration)
Hibernate: 
    create table badges (
        id bigint generated by default as identity,
        descricao varchar(255),
        nome varchar(60) not null,
        xp_minimo integer not null,
        primary key (id)
    )
Hibernate: 
    create table cursos (
        id bigint generated by default as identity,
        carga_horaria integer not null,
        descricao varchar(500),
        titulo varchar(160) not null,
        xp_recompensa integer not null,
        primary key (id)
    )
Hibernate: 
    create table matriculas (
        id bigint generated by default as identity,
        concluida boolean not null,
        data_conclusao timestamp(6),
        data_matricula timestamp(6) not null,
        curso_id bigint not null,
        usuario_id bigint not null,
        primary key (id)
    )
Hibernate: 
    create table usuarios (
        id bigint generated by default as identity,
        criado_em timestamp(6) not null,
        email varchar(160) not null,
        nivel integer not null,
        nome varchar(120) not null,
        xp integer not null,
        primary key (id)
    )
Hibernate: 
    alter table if exists badges 
       drop constraint if exists UKexxcc1c7cueytjqfscl4cbdqq
Hibernate: 
    alter table if exists badges 
       add constraint UKexxcc1c7cueytjqfscl4cbdqq unique (nome)
Hibernate: 
    alter table if exists matriculas 
       drop constraint if exists UKtd2ei5iioabkv4d4e323epgig
Hibernate: 
    alter table if exists matriculas 
       add constraint UKtd2ei5iioabkv4d4e323epgig unique (usuario_id, curso_id)
Hibernate: 
    alter table if exists usuarios 
       drop constraint if exists UKkfsp0s1tflm1cwlj8idhqsad0
Hibernate: 
    alter table if exists usuarios 
       add constraint UKkfsp0s1tflm1cwlj8idhqsad0 unique (email)
Hibernate: 
    alter table if exists matriculas 
       add constraint FKtgxnkauqy13npoi9q2t9n0ol5 
       foreign key (curso_id) 
       references cursos
Hibernate: 
    alter table if exists matriculas 
       add constraint FKil5paxcpkrf9viik9jbb439qs 
       foreign key (usuario_id) 
       references usuarios
2026-09-15T19:32:19.272-03:00  INFO 26972 --- [EducacaoContinuadaGamificada] [           main] j.LocalContainerEntityManagerFactoryBean : Initialized JPA EntityManagerFactory for persistence unit 'default'
2026-09-15T19:32:20.897-03:00  INFO 26972 --- [EducacaoContinuadaGamificada] [           main] o.s.b.a.e.web.EndpointLinksResolver      : Exposing 2 endpoints beneath base path '/actuator'
2026-09-15T19:32:21.004-03:00  INFO 26972 --- [EducacaoContinuadaGamificada] [           main] o.s.b.w.embedded.tomcat.TomcatWebServer  : Tomcat started on port 8080 (http) with context path '/'
2026-09-15T19:32:21.019-03:00  INFO 26972 --- [EducacaoContinuadaGamificada] [           main] .EducacaoContinuadaGamificadaApplication : Started EducacaoContinuadaGamificadaApplication in 7.418 seconds (process running for 7.863)
2026-09-15T19:32:21.239-03:00  INFO 26972 --- [EducacaoContinuadaGamificada] [nio-8080-exec-1] o.a.c.c.C.[Tomcat].[localhost].[/]       : Initializing Spring DispatcherServlet 'dispatcherServlet'
2026-09-15T19:32:21.240-03:00  INFO 26972 --- [EducacaoContinuadaGamificada] [nio-8080-exec-1] o.s.web.servlet.DispatcherServlet        : Initializing Servlet 'dispatcherServlet'
2026-09-15T19:32:21.242-03:00  INFO 26972 --- [EducacaoContinuadaGamificada] [nio-8080-exec-1] o.s.web.servlet.DispatcherServlet        : Completed initialization in 2 ms
Hibernate: 
    select
        count(*) 
    from
        cursos c1_0
Hibernate: 
    insert 
    into
        cursos
        (carga_horaria, descricao, titulo, xp_recompensa, id) 
    values
        (?, ?, ?, ?, default)
Hibernate: 
    insert 
    into
        cursos
        (carga_horaria, descricao, titulo, xp_recompensa, id) 
    values
        (?, ?, ?, ?, default)
Hibernate: 
    insert 
    into
        cursos
        (carga_horaria, descricao, titulo, xp_recompensa, id) 
    values
        (?, ?, ?, ?, default)
Hibernate: 
    select
        count(*) 
    from
        badges b1_0
Hibernate: 
    insert 
    into
        badges
        (descricao, nome, xp_minimo, id) 
    values
        (?, ?, ?, default)
Hibernate: 
    insert 
    into
        badges
        (descricao, nome, xp_minimo, id) 
    values
        (?, ?, ?, default)
Hibernate: 
    insert 
    into
        badges
        (descricao, nome, xp_minimo, id) 
    values
        (?, ?, ?, default)
2026-09-15T19:32:21.762-03:00  INFO 26972 --- [EducacaoContinuadaGamificada] [nio-8080-exec-1] o.springdoc.api.AbstractOpenApiResource  : Init duration for springdoc-openapi is: 458 ms
Hibernate: 
    select
        c1_0.id,
        c1_0.carga_horaria,
        c1_0.descricao,
        c1_0.titulo,
        c1_0.xp_recompensa 
    from
        cursos c1_0
Hibernate: 
    select
        u1_0.id,
        u1_0.criado_em,
        u1_0.email,
        u1_0.nivel,
        u1_0.nome,
        u1_0.xp 
    from
        usuarios u1_0 
    where
        u1_0.email=?
Hibernate: 
    insert 
    into
        usuarios
        (criado_em, email, nivel, nome, xp, id) 
    values
        (?, ?, ?, ?, ?, default)
Hibernate: 
    select
        u1_0.id,
        u1_0.criado_em,
        u1_0.email,
        u1_0.nivel,
        u1_0.nome,
        u1_0.xp 
    from
        usuarios u1_0 
    where
        u1_0.id=?
Hibernate: 
    select
        c1_0.id,
        c1_0.carga_horaria,
        c1_0.descricao,
        c1_0.titulo,
        c1_0.xp_recompensa 
    from
        cursos c1_0 
    where
        c1_0.id=?
Hibernate: 
    select
        m1_0.id,
        m1_0.concluida,
        m1_0.curso_id,
        m1_0.data_conclusao,
        m1_0.data_matricula,
        m1_0.usuario_id 
    from
        matriculas m1_0 
    where
        m1_0.usuario_id=? 
        and m1_0.curso_id=?
Hibernate: 
    insert 
    into
        matriculas
        (concluida, curso_id, data_conclusao, data_matricula, usuario_id, id) 
    values
        (?, ?, ?, ?, ?, default)
Hibernate: 
    select
        m1_0.id,
        m1_0.concluida,
        m1_0.curso_id,
        m1_0.data_conclusao,
        m1_0.data_matricula,
        m1_0.usuario_id 
    from
        matriculas m1_0 
    where
        m1_0.id=?
Hibernate: 
    select
        c1_0.id,
        c1_0.carga_horaria,
        c1_0.descricao,
        c1_0.titulo,
        c1_0.xp_recompensa 
    from
        cursos c1_0 
    where
        c1_0.id=?
Hibernate: 
    select
        u1_0.id,
        u1_0.criado_em,
        u1_0.email,
        u1_0.nivel,
        u1_0.nome,
        u1_0.xp 
    from
        usuarios u1_0 
    where
        u1_0.id=?
Hibernate: 
    update
        matriculas 
    set
        concluida=?,
        curso_id=?,
        data_conclusao=?,
        data_matricula=?,
        usuario_id=? 
    where
        id=?
Hibernate: 
    update
        usuarios 
    set
        criado_em=?,
        email=?,
        nivel=?,
        nome=?,
        xp=? 
    where
        id=?
Hibernate: 
    select
        u1_0.id,
        u1_0.criado_em,
        u1_0.email,
        u1_0.nivel,
        u1_0.nome,
        u1_0.xp 
    from
        usuarios u1_0 
    order by
        u1_0.xp desc
Hibernate: 
    select
        u1_0.id,
        u1_0.criado_em,
        u1_0.email,
        u1_0.nivel,
        u1_0.nome,
        u1_0.xp 
    from
        usuarios u1_0 
    where
        u1_0.email=?
Hibernate: 
    insert 
    into
        usuarios
        (criado_em, email, nivel, nome, xp, id) 
    values
        (?, ?, ?, ?, ?, default)
Hibernate: 
    select
        c1_0.id,
        c1_0.carga_horaria,
        c1_0.descricao,
        c1_0.titulo,
        c1_0.xp_recompensa 
    from
        cursos c1_0
Hibernate: 
    select
        u1_0.id,
        u1_0.criado_em,
        u1_0.email,
        u1_0.nivel,
        u1_0.nome,
        u1_0.xp 
    from
        usuarios u1_0 
    where
        u1_0.id=?
Hibernate: 
    select
        c1_0.id,
        c1_0.carga_horaria,
        c1_0.descricao,
        c1_0.titulo,
        c1_0.xp_recompensa 
    from
        cursos c1_0 
    where
        c1_0.id=?
Hibernate: 
    select
        m1_0.id,
        m1_0.concluida,
        m1_0.curso_id,
        m1_0.data_conclusao,
        m1_0.data_matricula,
        m1_0.usuario_id 
    from
        matriculas m1_0 
    where
        m1_0.usuario_id=? 
        and m1_0.curso_id=?
Hibernate: 
    insert 
    into
        matriculas
        (concluida, curso_id, data_conclusao, data_matricula, usuario_id, id) 
    values
        (?, ?, ?, ?, ?, default)
Hibernate: 
    select
        m1_0.id,
        m1_0.concluida,
        m1_0.curso_id,
        m1_0.data_conclusao,
        m1_0.data_matricula,
        m1_0.usuario_id 
    from
        matriculas m1_0 
    where
        m1_0.id=?
Hibernate: 
    select
        c1_0.id,
        c1_0.carga_horaria,
        c1_0.descricao,
        c1_0.titulo,
        c1_0.xp_recompensa 
    from
        cursos c1_0 
    where
        c1_0.id=?
Hibernate: 
    select
        u1_0.id,
        u1_0.criado_em,
        u1_0.email,
        u1_0.nivel,
        u1_0.nome,
        u1_0.xp 
    from
        usuarios u1_0 
    where
        u1_0.id=?
Hibernate: 
    update
        matriculas 
    set
        concluida=?,
        curso_id=?,
        data_conclusao=?,
        data_matricula=?,
        usuario_id=? 
    where
        id=?
Hibernate: 
    update
        usuarios 
    set
        criado_em=?,
        email=?,
        nivel=?,
        nome=?,
        xp=? 
    where
        id=?
Hibernate: 
    select
        u1_0.id,
        u1_0.criado_em,
        u1_0.email,
        u1_0.nivel,
        u1_0.nome,
        u1_0.xp 
    from
        usuarios u1_0 
    order by
        u1_0.xp desc
[ERROR] Failed to execute goal org.springframework.boot:spring-boot-maven-plugin:3.4.0:run (default-cli) on project educacao-continuada-gamificada: Process terminated with exit code: -1 -> [Help 1]
[ERROR] 
[ERROR] To see the full stack trace of the errors, re-run Maven with the -e switch.
[ERROR] Re-run Maven using the -X switch to enable full debug logging.
[ERROR] 
[ERROR] For more information about the errors and possible solutions, please read the following articles:
[ERROR] [Help 1] http://cwiki.apache.org/confluence/display/MAVEN/MojoExecutionException
